# Known help-writing findings, one per line: <file> | <step|term> | <detail>.
# The Help rewrite removes lines until the file is empty; the rule never adds lines.
# `bun scripts/check.ts help-writing --fix` removes lines whose finding is gone.
packages/accounts/src/help/documents/de/accounts-admin.help.md | term | Administratoren
packages/accounts/src/help/documents/de/accounts-admin.help.md | term | Administratoren
packages/accounts/src/help/documents/de/accounts-admin.help.md | term | Administratoren
packages/accounts/src/help/documents/de/accounts-admin.help.md | term | Berechtigung*
packages/accounts/src/help/documents/de/accounts-admin.help.md | term | Berechtigung*
packages/accounts/src/help/documents/de/accounts-start.help.md | term | Administratoren
packages/accounts/src/help/documents/de/accounts-start.help.md | term | Administratorrecht*
packages/accounts/src/help/documents/de/accounts-start.help.md | term | Verwaltungsrecht*
packages/accounts/src/help/documents/en/accounts-admin.help.md | term | admin
packages/accounts/src/help/documents/en/accounts-admin.help.md | term | admin
packages/accounts/src/help/documents/en/accounts-admin.help.md | term | admin
packages/accounts/src/help/documents/en/accounts-admin.help.md | term | login
packages/accounts/src/help/documents/en/accounts-admin.help.md | term | login
packages/accounts/src/help/documents/en/accounts-admin.help.md | term | login
packages/accounts/src/help/documents/en/accounts-admin.help.md | term | login
packages/accounts/src/help/documents/en/accounts-admin.help.md | term | login
packages/accounts/src/help/documents/en/accounts-admin.help.md | term | permissions
packages/accounts/src/help/documents/en/accounts-admin.help.md | term | permissions
packages/accounts/src/help/documents/en/accounts-cli.help.md | term | admin
packages/accounts/src/help/documents/en/accounts-cli.help.md | term | login
packages/accounts/src/help/documents/en/accounts-cli.help.md | term | login
packages/accounts/src/help/documents/en/accounts-cli.help.md | term | login
packages/accounts/src/help/documents/en/accounts-lifecycle.help.md | term | read access
packages/accounts/src/help/documents/en/accounts-start.help.md | term | admins
packages/accounts/src/help/documents/en/accounts-start.help.md | term | admins
packages/accounts/src/help/documents/en/accounts-start.help.md | term | admins
packages/accounts/src/help/documents/en/accounts-start.help.md | term | admins
packages/accounts/src/help/documents/en/accounts-start.help.md | term | grant
packages/accounts/src/help/documents/en/accounts-start.help.md | term | login
packages/accounts/src/help/documents/en/accounts-start.help.md | term | login
packages/accounts/src/help/documents/en/accounts-start.help.md | term | rights
packages/api-docs/src/help/documents/en/api-docs-start.help.md | term | grant
packages/assistant/src/help/documents/de/assistant-guidance.help.md | step | Ergebnis benennen: Beschreibe, was du erhalten möchtest, etwa
packages/assistant/src/help/documents/de/assistant-guidance.help.md | step | Ergänzende Details unter Zusatzinformationen ablegen: Füge dort Richtlinien,
packages/assistant/src/help/documents/de/assistant-guidance.help.md | step | Um Prüfung bitten: Bitte den Assistenten bei wichtigen
packages/assistant/src/help/documents/de/assistant-guidance.help.md | term | Administratorrecht*
packages/assistant/src/help/documents/de/assistant-guidance.help.md | term | Administratorrecht*
packages/assistant/src/help/documents/de/assistant-guidance.help.md | term | Bearbeitungsrecht*
packages/assistant/src/help/documents/de/assistant-guidance.help.md | term | Berechtigung*
packages/assistant/src/help/documents/de/assistant-guidance.help.md | term | Lesezugriff
packages/assistant/src/help/documents/de/assistant-guidance.help.md | term | Schreibzugriff
packages/assistant/src/help/documents/de/assistant-guidance.help.md | term | Verwaltungsrecht*
packages/assistant/src/help/documents/de/assistant-guidance.help.md | term | klick*
packages/assistant/src/help/documents/de/assistant-overview.help.md | term | Anwendung
packages/assistant/src/help/documents/de/assistant-overview.help.md | term | Anwendung
packages/assistant/src/help/documents/de/assistant-overview.help.md | term | Anwendung
packages/assistant/src/help/documents/de/assistant-overview.help.md | term | Anwendung
packages/assistant/src/help/documents/de/assistant-overview.help.md | term | Benutzerkonto*
packages/assistant/src/help/documents/de/assistant-overview.help.md | term | Benutzerkonto*
packages/assistant/src/help/documents/de/assistant-overview.help.md | term | Zugriffsrecht*
packages/assistant/src/help/documents/de/assistant-overview.help.md | term | klick*
packages/assistant/src/help/documents/de/assistant-workflow.help.md | term | Anwendung
packages/assistant/src/help/documents/de/assistant-workflow.help.md | term | Anwendung
packages/assistant/src/help/documents/de/assistant-workflow.help.md | term | Anwendung
packages/assistant/src/help/documents/de/assistant-workflow.help.md | term | Berechtigung*
packages/assistant/src/help/documents/de/assistant-workflow.help.md | term | Lesezugriff
packages/assistant/src/help/documents/de/assistant-workflow.help.md | term | Schreibzugriff
packages/assistant/src/help/documents/de/assistant-workflow.help.md | term | klick*
packages/assistant/src/help/documents/de/assistant-workflow.help.md | term | klick*
packages/assistant/src/help/documents/en/assistant-guidance.help.md | step | Ask for a check: For important work, ask
packages/assistant/src/help/documents/en/assistant-guidance.help.md | term | admins
packages/assistant/src/help/documents/en/assistant-guidance.help.md | term | grant
packages/assistant/src/help/documents/en/assistant-guidance.help.md | term | grant
packages/assistant/src/help/documents/en/assistant-guidance.help.md | term | grant
packages/assistant/src/help/documents/en/assistant-guidance.help.md | term | grants
packages/assistant/src/help/documents/en/assistant-guidance.help.md | term | grants
packages/assistant/src/help/documents/en/assistant-guidance.help.md | term | permission
packages/assistant/src/help/documents/en/assistant-guidance.help.md | term | permissions
packages/assistant/src/help/documents/en/assistant-guidance.help.md | term | rights
packages/assistant/src/help/documents/en/assistant-guidance.help.md | term | rights
packages/assistant/src/help/documents/en/assistant-overview.help.md | term | application
packages/assistant/src/help/documents/en/assistant-overview.help.md | term | application
packages/assistant/src/help/documents/en/assistant-overview.help.md | term | application
packages/assistant/src/help/documents/en/assistant-overview.help.md | term | application
packages/assistant/src/help/documents/en/assistant-overview.help.md | term | application
packages/assistant/src/help/documents/en/assistant-overview.help.md | term | applications
packages/assistant/src/help/documents/en/assistant-overview.help.md | term | grant
packages/assistant/src/help/documents/en/assistant-workflow.help.md | term | admin
packages/assistant/src/help/documents/en/assistant-workflow.help.md | term | click*
packages/assistant/src/help/documents/en/assistant-workflow.help.md | term | click*
packages/assistant/src/help/documents/en/assistant-workflow.help.md | term | click*
packages/assistant/src/help/documents/en/assistant-workflow.help.md | term | permission
packages/assistant/src/help/documents/en/assistant-workflow.help.md | term | permission
packages/assistant/src/help/documents/en/assistant-workflow.help.md | term | permission
packages/assistant/src/help/documents/en/assistant-workflow.help.md | term | tap
packages/assistant/src/help/documents/en/assistant-workflow.help.md | term | write access
packages/chat/src/help/documents/de/chat-start.help.md | term | Administratoren
packages/chat/src/help/documents/de/chat-start.help.md | term | Administratoren
packages/contacts/src/help/documents/de/contacts-books-sharing.help.md | term | Administratorrecht*
packages/contacts/src/help/documents/de/contacts-books-sharing.help.md | term | Administratorrecht*
packages/contacts/src/help/documents/de/contacts-books-sharing.help.md | term | Berechtigung*
packages/contacts/src/help/documents/de/contacts-books-sharing.help.md | term | Lesezugriff
packages/contacts/src/help/documents/de/contacts-books-sharing.help.md | term | Schreibzugriff
packages/contacts/src/help/documents/de/contacts-hierarchy.help.md | term | Lesezugriff
packages/contacts/src/help/documents/de/contacts-start.help.md | term | Berechtigung*
packages/contacts/src/help/documents/de/contacts-start.help.md | term | Zugriffsrecht*
packages/contacts/src/help/documents/de/contacts-work.help.md | term | Administratorrecht*
packages/contacts/src/help/documents/de/contacts-work.help.md | term | Lesezugriff
packages/contacts/src/help/documents/en/contacts-books-sharing.help.md | term | admin
packages/contacts/src/help/documents/en/contacts-books-sharing.help.md | term | admin
packages/contacts/src/help/documents/en/contacts-books-sharing.help.md | term | admin access
packages/contacts/src/help/documents/en/contacts-books-sharing.help.md | term | admin access
packages/contacts/src/help/documents/en/contacts-books-sharing.help.md | term | admins
packages/contacts/src/help/documents/en/contacts-books-sharing.help.md | term | grant
packages/contacts/src/help/documents/en/contacts-books-sharing.help.md | term | permission
packages/contacts/src/help/documents/en/contacts-books-sharing.help.md | term | read access
packages/contacts/src/help/documents/en/contacts-books-sharing.help.md | term | write access
packages/contacts/src/help/documents/en/contacts-hierarchy.help.md | term | read access
packages/contacts/src/help/documents/en/contacts-start.help.md | term | permissions
packages/contacts/src/help/documents/en/contacts-work.help.md | term | read access
packages/core/src/help/documents/de/core-admin.help.md | term | Administratorrecht*
packages/core/src/help/documents/de/core-admin.help.md | term | Anwendung
packages/core/src/help/documents/de/core-admin.help.md | term | Anwendung
packages/core/src/help/documents/de/core-admin.help.md | term | Berechtigung*
packages/core/src/help/documents/de/core-admin.help.md | term | Login
packages/core/src/help/documents/de/core-admin.help.md | term | klick*
packages/core/src/help/documents/de/core-notifications.help.md | term | klick*
packages/core/src/help/documents/de/core-profile.help.md | term | Berechtigung*
packages/core/src/help/documents/de/core-security.help.md | term | Account
packages/core/src/help/documents/de/core-security.help.md | term | Berechtigung*
packages/core/src/help/documents/de/core-security.help.md | term | Login
packages/core/src/help/documents/de/core-start.help.md | term | Administratorrecht*
packages/core/src/help/documents/en/core-admin.help.md | term | admin
packages/core/src/help/documents/en/core-admin.help.md | term | admin
packages/core/src/help/documents/en/core-admin.help.md | term | admin
packages/core/src/help/documents/en/core-admin.help.md | term | admin
packages/core/src/help/documents/en/core-admin.help.md | term | admin
packages/core/src/help/documents/en/core-admin.help.md | term | admin
packages/core/src/help/documents/en/core-admin.help.md | term | admin
packages/core/src/help/documents/en/core-admin.help.md | term | admin
packages/core/src/help/documents/en/core-admin.help.md | term | application
packages/core/src/help/documents/en/core-admin.help.md | term | application
packages/core/src/help/documents/en/core-admin.help.md | term | grant
packages/core/src/help/documents/en/core-admin.help.md | term | login
packages/core/src/help/documents/en/core-admin.help.md | term | login
packages/core/src/help/documents/en/core-admin.help.md | term | login
packages/core/src/help/documents/en/core-admin.help.md | term | login
packages/core/src/help/documents/en/core-admin.help.md | term | login
packages/core/src/help/documents/en/core-admin.help.md | term | permissions
packages/core/src/help/documents/en/core-notifications.help.md | term | click*
packages/core/src/help/documents/en/core-notifications.help.md | term | permission
packages/core/src/help/documents/en/core-notifications.help.md | term | permission
packages/core/src/help/documents/en/core-notifications.help.md | term | permission
packages/core/src/help/documents/en/core-notifications.help.md | term | permission
packages/core/src/help/documents/en/core-profile.help.md | term | login
packages/core/src/help/documents/en/core-profile.help.md | term | permissions
packages/core/src/help/documents/en/core-security.help.md | term | login
packages/core/src/help/documents/en/core-security.help.md | term | login
packages/core/src/help/documents/en/core-security.help.md | term | login
packages/core/src/help/documents/en/core-security.help.md | term | login
packages/core/src/help/documents/en/core-security.help.md | term | login
packages/core/src/help/documents/en/core-security.help.md | term | login
packages/core/src/help/documents/en/core-start.help.md | term | admin
packages/core/src/help/documents/en/core-start.help.md | term | admin
packages/core/src/help/documents/en/core-start.help.md | term | admin
packages/core/src/help/documents/en/core-start.help.md | term | admin
packages/core/src/help/documents/en/core-start.help.md | term | admin
packages/core/src/help/documents/en/core-start.help.md | term | admin
packages/core/src/help/documents/en/core-start.help.md | term | admin
packages/core/src/help/documents/en/core-start.help.md | term | admin
packages/core/src/help/documents/en/core-start.help.md | term | admin
packages/core/src/help/documents/en/core-start.help.md | term | admin
packages/core/src/help/documents/en/core-start.help.md | term | admins
packages/core/src/help/documents/en/core-start.help.md | term | login
packages/dashboard/src/help/documents/de/dashboard-start.help.md | term | Benutzerkonto*
packages/dashboard/src/help/documents/en/dashboard-start.help.md | term | login
packages/faq/src/help/documents/de/faq-admin.help.md | term | Administratoren
packages/faq/src/help/documents/de/faq-start.help.md | term | Administratorrecht*
packages/faq/src/help/documents/en/faq-start.help.md | term | admin
packages/filesv2/src/help/documents/de/filesv2-admin.help.md | term | Administrator
packages/filesv2/src/help/documents/de/filesv2-admin.help.md | term | Adminrecht*
packages/filesv2/src/help/documents/de/filesv2-admin.help.md | term | Anwendung
packages/filesv2/src/help/documents/de/filesv2-admin.help.md | term | Anwendung
packages/filesv2/src/help/documents/de/filesv2-admin.help.md | term | Anwendung
packages/filesv2/src/help/documents/de/filesv2-admin.help.md | term | Anwendung
packages/filesv2/src/help/documents/de/filesv2-admin.help.md | term | Berechtigung*
packages/filesv2/src/help/documents/de/filesv2-admin.help.md | term | Berechtigung*
packages/filesv2/src/help/documents/de/filesv2-admin.help.md | term | Berechtigung*
packages/filesv2/src/help/documents/de/filesv2-admin.help.md | term | Rechte
packages/filesv2/src/help/documents/de/filesv2-admin.help.md | term | Schreibrecht*
packages/filesv2/src/help/documents/de/filesv2-admin.help.md | term | Servicekonto*
packages/filesv2/src/help/documents/de/filesv2-start.help.md | term | Rechte
packages/filesv2/src/help/documents/de/filesv2-start.help.md | term | Schreibzugriff
packages/filesv2/src/help/documents/de/filesv2-start.help.md | term | Zugriffsrecht*
packages/filesv2/src/help/documents/de/filesv2-start.help.md | term | Zugriffsrecht*
packages/filesv2/src/help/documents/de/filesv2-start.help.md | term | klick*
packages/filesv2/src/help/documents/de/filesv2-start.help.md | term | klick*
packages/filesv2/src/help/documents/de/filesv2-start.help.md | term | klick*
packages/filesv2/src/help/documents/de/filesv2-start.help.md | term | klick*
packages/filesv2/src/help/documents/de/filesv2-start.help.md | term | klick*
packages/filesv2/src/help/documents/de/filesv2-start.help.md | term | klick*
packages/filesv2/src/help/documents/de/filesv2-start.help.md | term | klick*
packages/filesv2/src/help/documents/en/filesv2-admin.help.md | term | application
packages/filesv2/src/help/documents/en/filesv2-admin.help.md | term | application
packages/filesv2/src/help/documents/en/filesv2-admin.help.md | term | application
packages/filesv2/src/help/documents/en/filesv2-admin.help.md | term | application
packages/filesv2/src/help/documents/en/filesv2-admin.help.md | term | grant
packages/filesv2/src/help/documents/en/filesv2-admin.help.md | term | grant
packages/filesv2/src/help/documents/en/filesv2-admin.help.md | term | grant
packages/filesv2/src/help/documents/en/filesv2-admin.help.md | term | grant
packages/filesv2/src/help/documents/en/filesv2-admin.help.md | term | grants
packages/filesv2/src/help/documents/en/filesv2-admin.help.md | term | permissions
packages/filesv2/src/help/documents/en/filesv2-admin.help.md | term | permissions
packages/filesv2/src/help/documents/en/filesv2-admin.help.md | term | permissions
packages/filesv2/src/help/documents/en/filesv2-admin.help.md | term | permissions
packages/filesv2/src/help/documents/en/filesv2-admin.help.md | term | permissions
packages/filesv2/src/help/documents/en/filesv2-start.help.md | term | click*
packages/filesv2/src/help/documents/en/filesv2-start.help.md | term | click*
packages/filesv2/src/help/documents/en/filesv2-start.help.md | term | click*
packages/filesv2/src/help/documents/en/filesv2-start.help.md | term | click*
packages/filesv2/src/help/documents/en/filesv2-start.help.md | term | click*
packages/filesv2/src/help/documents/en/filesv2-start.help.md | term | click*
packages/filesv2/src/help/documents/en/filesv2-start.help.md | term | click*
packages/filesv2/src/help/documents/en/filesv2-start.help.md | term | grant
packages/filesv2/src/help/documents/en/filesv2-start.help.md | term | granting
packages/filesv2/src/help/documents/en/filesv2-start.help.md | term | write access
packages/gateway-ops/src/help/documents/de/gateway-ops-incident.help.md | term | Administratorrecht*
packages/gateway-ops/src/help/documents/de/gateway-ops-incident.help.md | term | Anwendung
packages/gateway-ops/src/help/documents/de/gateway-ops-incident.help.md | term | Anwendung
packages/gateway-ops/src/help/documents/de/gateway-ops-start.help.md | term | Anwendung
packages/gateway-ops/src/help/documents/en/gateway-ops-incident.help.md | step | Logs: Use the app or service source and
packages/gateway-ops/src/help/documents/en/gateway-ops-incident.help.md | step | Postgres or Redis: Check storage diagnostics only when
packages/gateway-ops/src/help/documents/en/gateway-ops-incident.help.md | term | application
packages/gateway-ops/src/help/documents/en/gateway-ops-incident.help.md | term | application
packages/gateway-ops/src/help/documents/en/gateway-ops-incident.help.md | term | application
packages/gateway-ops/src/help/documents/en/gateway-ops-operations.help.md | term | admin
packages/gateway-ops/src/help/documents/en/gateway-ops-start.help.md | term | admin
packages/gateway-ops/src/help/documents/en/gateway-ops-start.help.md | term | admin
packages/gateway-ops/src/help/documents/en/gateway-ops-start.help.md | term | admin
packages/gateway-ops/src/help/documents/en/gateway-ops-start.help.md | term | admin
packages/gateway-ops/src/help/documents/en/gateway-ops-start.help.md | term | admin
packages/gateway-ops/src/help/documents/en/gateway-ops-start.help.md | term | admin access
packages/gateway-ops/src/help/documents/en/gateway-ops-start.help.md | term | application
packages/ipa-hosts/src/help/documents/de/ipa-hosts-start.help.md | term | Administratorrecht*
packages/ipa-hosts/src/help/documents/en/ipa-hosts-start.help.md | term | admin
packages/ipa-hosts/src/help/documents/en/ipa-hosts-start.help.md | term | admin
packages/ipa-hosts/src/help/documents/en/ipa-hosts-start.help.md | term | admin
packages/ipa-hosts/src/help/documents/en/ipa-hosts-start.help.md | term | admins
packages/proxy-auth/src/help/documents/de/proxy-auth-start.help.md | term | Administratorrecht*
packages/proxy-auth/src/help/documents/en/proxy-auth-start.help.md | term | admin
packages/proxy-auth/src/help/documents/en/proxy-auth-start.help.md | term | admins
packages/proxy-auth/src/help/documents/en/proxy-auth-start.help.md | term | login
packages/proxy-auth/src/help/documents/en/proxy-auth-troubleshooting.help.md | term | login
packages/proxy-auth/src/help/documents/en/proxy-auth-troubleshooting.help.md | term | login
packages/proxy-auth/src/help/documents/en/proxy-auth-troubleshooting.help.md | term | login
packages/pulse/src/help/documents/de/pulse-dashboard-dsl.help.md | step | Steuerelemente bei Wiederholungen ergänzen: Nutze gemeinsame Steuerelemente für
packages/pulse/src/help/documents/de/pulse-data-model.help.md | term | Zugriffsrecht*
packages/pulse/src/help/documents/de/pulse-find-data.help.md | step | Die Aggregation zuletzt ändern: Zeigt die Abfrage auf
packages/pulse/src/help/documents/de/pulse-operate.help.md | term | Zugriffsrecht*
packages/pulse/src/help/documents/de/pulse-operate.help.md | term | Zugriffsrecht*
packages/pulse/src/help/documents/en/pulse-operate.help.md | term | permissions
packages/pulse/src/help/documents/en/pulse-start.help.md | step | Browse what exists: Use Resources when you know
packages/spaces/src/help/documents/de/spaces-sharing.help.md | term | Adminzugriff
packages/spaces/src/help/documents/de/spaces-sharing.help.md | term | Adminzugriff
packages/spaces/src/help/documents/de/spaces-sharing.help.md | term | Adminzugriff
packages/spaces/src/help/documents/de/spaces-sharing.help.md | term | Adminzugriff
packages/spaces/src/help/documents/de/spaces-sharing.help.md | term | Berechtigung*
packages/spaces/src/help/documents/de/spaces-sharing.help.md | term | Berechtigung*
packages/spaces/src/help/documents/de/spaces-sharing.help.md | term | Lesezugriff
packages/spaces/src/help/documents/de/spaces-sharing.help.md | term | Lesezugriff
packages/spaces/src/help/documents/de/spaces-sharing.help.md | term | Lesezugriff
packages/spaces/src/help/documents/de/spaces-sharing.help.md | term | Schreibzugriff
packages/spaces/src/help/documents/de/spaces-sharing.help.md | term | Zugriffsrecht*
packages/spaces/src/help/documents/de/spaces-sharing.help.md | term | Zugriffsrecht*
packages/spaces/src/help/documents/de/spaces-sharing.help.md | term | Zugriffsrecht*
packages/spaces/src/help/documents/de/spaces-sharing.help.md | term | Zugriffsrecht*
packages/spaces/src/help/documents/de/spaces-start.help.md | step | Ansichten wählen: Nutze eine Liste oder Tabelle für
packages/spaces/src/help/documents/de/spaces-start.help.md | step | Mit den passenden Personen teilen: Lade Personen oder
packages/spaces/src/help/documents/de/spaces-start.help.md | term | Adminzugriff
packages/spaces/src/help/documents/de/spaces-start.help.md | term | Berechtigung*
packages/spaces/src/help/documents/de/spaces-start.help.md | term | Lesezugriff
packages/spaces/src/help/documents/de/spaces-start.help.md | term | Schreibzugriff
packages/spaces/src/help/documents/de/spaces-troubleshooting.help.md | term | Adminzugriff
packages/spaces/src/help/documents/de/spaces-troubleshooting.help.md | term | Lesezugriff
packages/spaces/src/help/documents/de/spaces-troubleshooting.help.md | term | Lesezugriff
packages/spaces/src/help/documents/de/spaces-troubleshooting.help.md | term | Schreibzugriff
packages/spaces/src/help/documents/de/spaces-views.help.md | term | Schreibzugriff
packages/spaces/src/help/documents/de/spaces-views.help.md | term | Schreibzugriff
packages/spaces/src/help/documents/de/spaces-views.help.md | term | klick*
packages/spaces/src/help/documents/de/spaces-views.help.md | term | klick*
packages/spaces/src/help/documents/de/spaces-views.help.md | term | klick*
packages/spaces/src/help/documents/de/spaces-views.help.md | term | klick*
packages/spaces/src/help/documents/de/spaces-views.help.md | term | klick*
packages/spaces/src/help/documents/de/spaces-workflow.help.md | term | Adminzugriff
packages/spaces/src/help/documents/de/spaces-workflow.help.md | term | Adminzugriff
packages/spaces/src/help/documents/de/spaces-workflow.help.md | term | Bearbeitungsrecht*
packages/spaces/src/help/documents/de/spaces-workflow.help.md | term | Schreibrecht*
packages/spaces/src/help/documents/de/spaces-workflow.help.md | term | Schreibrecht*
packages/spaces/src/help/documents/de/spaces-workflow.help.md | term | Schreibrecht*
packages/spaces/src/help/documents/de/spaces-workflow.help.md | term | Service-Account*
packages/spaces/src/help/documents/de/spaces-workflow.help.md | term | klick*
packages/spaces/src/help/documents/en/spaces-sharing.help.md | term | permissions
packages/spaces/src/help/documents/en/spaces-sharing.help.md | term | permissions
packages/spaces/src/help/documents/en/spaces-sharing.help.md | term | read access
packages/spaces/src/help/documents/en/spaces-sharing.help.md | term | read access
packages/spaces/src/help/documents/en/spaces-start.help.md | step | Share with the right people: Invite users or
packages/spaces/src/help/documents/en/spaces-start.help.md | term | application
packages/spaces/src/help/documents/en/spaces-start.help.md | term | applications
packages/spaces/src/help/documents/en/spaces-start.help.md | term | permission
packages/spaces/src/help/documents/en/spaces-troubleshooting.help.md | term | admin
packages/spaces/src/help/documents/en/spaces-troubleshooting.help.md | term | admin access
packages/spaces/src/help/documents/en/spaces-troubleshooting.help.md | term | read access
packages/spaces/src/help/documents/en/spaces-troubleshooting.help.md | term | read access
packages/spaces/src/help/documents/en/spaces-troubleshooting.help.md | term | write access
packages/spaces/src/help/documents/en/spaces-views.help.md | term | click*
packages/spaces/src/help/documents/en/spaces-views.help.md | term | click*
packages/spaces/src/help/documents/en/spaces-views.help.md | term | click*
packages/spaces/src/help/documents/en/spaces-views.help.md | term | click*
packages/spaces/src/help/documents/en/spaces-views.help.md | term | click*
packages/spaces/src/help/documents/en/spaces-views.help.md | term | tap
packages/spaces/src/help/documents/en/spaces-views.help.md | term | tap
packages/spaces/src/help/documents/en/spaces-views.help.md | term | tap
packages/spaces/src/help/documents/en/spaces-views.help.md | term | write access
packages/spaces/src/help/documents/en/spaces-views.help.md | term | write access
packages/spaces/src/help/documents/en/spaces-workflow.help.md | term | admins
packages/spaces/src/help/documents/en/spaces-workflow.help.md | term | click*
packages/spaces/src/help/documents/en/spaces-workflow.help.md | term | permissions
packages/spaces/src/help/documents/en/spaces-workflow.help.md | term | write access
packages/spaces/src/help/documents/en/spaces-workflow.help.md | term | write access
packages/tools/src/help/documents/de/tools-document-markdown.help.md | term | Anwendung
packages/tools/src/help/documents/de/tools-markdown-pdf.help.md | term | Anwendung
packages/tools/src/help/documents/en/tools-document-markdown.help.md | term | application
packages/tools/src/help/documents/en/tools-markdown-pdf.help.md | term | application
packages/venue/src/help/documents/de/venue-start.help.md | term | Admin
packages/venue/src/help/documents/de/venue-start.help.md | term | Admin
packages/venue/src/help/documents/de/venue-start.help.md | term | Administratoren
packages/venue/src/help/documents/de/venue-start.help.md | term | Admins
packages/venue/src/help/documents/de/venue-start.help.md | term | Admins
packages/venue/src/help/documents/de/venue-start.help.md | term | Admins
packages/venue/src/help/documents/de/venue-start.help.md | term | Admins
packages/venue/src/help/documents/de/venue-troubleshooting.help.md | term | Admin
packages/venue/src/help/documents/de/venue-troubleshooting.help.md | term | Admin
packages/venue/src/help/documents/de/venue-troubleshooting.help.md | term | Admin
packages/venue/src/help/documents/de/venue-troubleshooting.help.md | term | Admins
packages/venue/src/help/documents/de/venue-troubleshooting.help.md | term | Admins
packages/venue/src/help/documents/de/venue-work.help.md | term | Admin
packages/venue/src/help/documents/de/venue-work.help.md | term | Admin
packages/venue/src/help/documents/de/venue-work.help.md | term | Admin
packages/venue/src/help/documents/de/venue-work.help.md | term | Admin
packages/venue/src/help/documents/de/venue-work.help.md | term | Admin
packages/venue/src/help/documents/de/venue-work.help.md | term | Admin
packages/venue/src/help/documents/de/venue-work.help.md | term | Admin
packages/venue/src/help/documents/de/venue-work.help.md | term | Admin
packages/venue/src/help/documents/de/venue-work.help.md | term | Admin
packages/venue/src/help/documents/de/venue-work.help.md | term | Administratoren
packages/venue/src/help/documents/de/venue-work.help.md | term | Administratoren
packages/venue/src/help/documents/de/venue-work.help.md | term | Admins
packages/venue/src/help/documents/de/venue-work.help.md | term | Admins
packages/venue/src/help/documents/de/venue-work.help.md | term | Admins
packages/venue/src/help/documents/de/venue-work.help.md | term | Admins
packages/venue/src/help/documents/de/venue-work.help.md | term | Admins
packages/venue/src/help/documents/de/venue-work.help.md | term | Admins
packages/venue/src/help/documents/de/venue-work.help.md | term | Admins
packages/venue/src/help/documents/de/venue-work.help.md | term | Admins
packages/venue/src/help/documents/de/venue-work.help.md | term | Berechtigung*
packages/venue/src/help/documents/de/venue-work.help.md | term | klick*
packages/venue/src/help/documents/de/venue-work.help.md | term | klick*
packages/venue/src/help/documents/en/venue-start.help.md | term | admin
packages/venue/src/help/documents/en/venue-start.help.md | term | admins
packages/venue/src/help/documents/en/venue-start.help.md | term | admins
packages/venue/src/help/documents/en/venue-start.help.md | term | admins
packages/venue/src/help/documents/en/venue-start.help.md | term | admins
packages/venue/src/help/documents/en/venue-start.help.md | term | admins
packages/venue/src/help/documents/en/venue-troubleshooting.help.md | term | admin
packages/venue/src/help/documents/en/venue-troubleshooting.help.md | term | admin
packages/venue/src/help/documents/en/venue-troubleshooting.help.md | term | admin
packages/venue/src/help/documents/en/venue-troubleshooting.help.md | term | admin access
packages/venue/src/help/documents/en/venue-troubleshooting.help.md | term | admin access
packages/venue/src/help/documents/en/venue-troubleshooting.help.md | term | admin access
packages/venue/src/help/documents/en/venue-troubleshooting.help.md | term | admins
packages/venue/src/help/documents/en/venue-troubleshooting.help.md | term | admins
packages/venue/src/help/documents/en/venue-troubleshooting.help.md | term | grant
packages/venue/src/help/documents/en/venue-troubleshooting.help.md | term | read access
packages/venue/src/help/documents/en/venue-work.help.md | term | admin
packages/venue/src/help/documents/en/venue-work.help.md | term | admin
packages/venue/src/help/documents/en/venue-work.help.md | term | admin
packages/venue/src/help/documents/en/venue-work.help.md | term | admin
packages/venue/src/help/documents/en/venue-work.help.md | term | admin
packages/venue/src/help/documents/en/venue-work.help.md | term | admin
packages/venue/src/help/documents/en/venue-work.help.md | term | admin access
packages/venue/src/help/documents/en/venue-work.help.md | term | admin access
packages/venue/src/help/documents/en/venue-work.help.md | term | admins
packages/venue/src/help/documents/en/venue-work.help.md | term | admins
packages/venue/src/help/documents/en/venue-work.help.md | term | admins
packages/venue/src/help/documents/en/venue-work.help.md | term | admins
packages/venue/src/help/documents/en/venue-work.help.md | term | admins
packages/venue/src/help/documents/en/venue-work.help.md | term | admins
packages/venue/src/help/documents/en/venue-work.help.md | term | admins
packages/venue/src/help/documents/en/venue-work.help.md | term | admins
packages/venue/src/help/documents/en/venue-work.help.md | term | admins
packages/venue/src/help/documents/en/venue-work.help.md | term | admins
packages/venue/src/help/documents/en/venue-work.help.md | term | admins
packages/venue/src/help/documents/en/venue-work.help.md | term | admins
packages/venue/src/help/documents/en/venue-work.help.md | term | click*
packages/venue/src/help/documents/en/venue-work.help.md | term | grant
packages/venue/src/help/documents/en/venue-work.help.md | term | permission
packages/venue/src/help/documents/en/venue-work.help.md | term | read access
packages/venue/src/help/documents/en/venue-work.help.md | term | tap
packages/weather/src/help/documents/de/weather-start.help.md | term | Administratorrecht*
